Archive member included because of file (symbol)

c:/winavr-20080610/bin/../lib/gcc/avr/4.3.0/../../../../avr/lib/avr5\libc.a(exit.o)
                              c:/winavr-20080610/bin/../lib/gcc/avr/4.3.0/../../../../avr/lib/avr5/crtm644.o (exit)
c:/winavr-20080610/bin/../lib/gcc/avr/4.3.0/../../../../avr/lib/avr5\libc.a(fprintf.o)
                              AlgorithmModule.o (fprintf)
c:/winavr-20080610/bin/../lib/gcc/avr/4.3.0/../../../../avr/lib/avr5\libc.a(fputs.o)
                              ControlModule.o (fputs)
c:/winavr-20080610/bin/../lib/gcc/avr/4.3.0/../../../../avr/lib/avr5\libc.a(iob.o)
                              ControlModule.o (__iob)
c:/winavr-20080610/bin/../lib/gcc/avr/4.3.0/../../../../avr/lib/avr5\libc.a(addsf3.o)
                              AlgorithmModule.o (__addsf3)
c:/winavr-20080610/bin/../lib/gcc/avr/4.3.0/../../../../avr/lib/avr5\libc.a(addsf3x.o)
                              c:/winavr-20080610/bin/../lib/gcc/avr/4.3.0/../../../../avr/lib/avr5\libc.a(addsf3.o) (__addsf3x)
c:/winavr-20080610/bin/../lib/gcc/avr/4.3.0/../../../../avr/lib/avr5\libc.a(floatsisf.o)
                              AlgorithmModule.o (__floatunsisf)
c:/winavr-20080610/bin/../lib/gcc/avr/4.3.0/../../../../avr/lib/avr5\libc.a(fp_inf.o)
                              c:/winavr-20080610/bin/../lib/gcc/avr/4.3.0/../../../../avr/lib/avr5\libc.a(addsf3x.o) (__fp_inf)
c:/winavr-20080610/bin/../lib/gcc/avr/4.3.0/../../../../avr/lib/avr5\libc.a(fp_nan.o)
                              c:/winavr-20080610/bin/../lib/gcc/avr/4.3.0/../../../../avr/lib/avr5\libc.a(addsf3x.o) (__fp_nan)
c:/winavr-20080610/bin/../lib/gcc/avr/4.3.0/../../../../avr/lib/avr5\libc.a(fp_pscA.o)
                              c:/winavr-20080610/bin/../lib/gcc/avr/4.3.0/../../../../avr/lib/avr5\libc.a(addsf3x.o) (__fp_pscA)
c:/winavr-20080610/bin/../lib/gcc/avr/4.3.0/../../../../avr/lib/avr5\libc.a(fp_pscB.o)
                              c:/winavr-20080610/bin/../lib/gcc/avr/4.3.0/../../../../avr/lib/avr5\libc.a(addsf3x.o) (__fp_pscB)
c:/winavr-20080610/bin/../lib/gcc/avr/4.3.0/../../../../avr/lib/avr5\libc.a(fp_round.o)
                              c:/winavr-20080610/bin/../lib/gcc/avr/4.3.0/../../../../avr/lib/avr5\libc.a(addsf3.o) (__fp_round)
c:/winavr-20080610/bin/../lib/gcc/avr/4.3.0/../../../../avr/lib/avr5\libc.a(fp_split3.o)
                              c:/winavr-20080610/bin/../lib/gcc/avr/4.3.0/../../../../avr/lib/avr5\libc.a(addsf3x.o) (__fp_split3)
c:/winavr-20080610/bin/../lib/gcc/avr/4.3.0/../../../../avr/lib/avr5\libc.a(fp_zero.o)
                              c:/winavr-20080610/bin/../lib/gcc/avr/4.3.0/../../../../avr/lib/avr5\libc.a(addsf3x.o) (__fp_zero)
c:/winavr-20080610/bin/../lib/gcc/avr/4.3.0/../../../../avr/lib/avr5\libc.a(gesf2.o)
                              AlgorithmModule.o (__gtsf2)
c:/winavr-20080610/bin/../lib/gcc/avr/4.3.0/../../../../avr/lib/avr5\libc.a(mulsf3.o)
                              AlgorithmModule.o (__mulsf3)
c:/winavr-20080610/bin/../lib/gcc/avr/4.3.0/../../../../avr/lib/avr5\libc.a(mulsf3x.o)
                              c:/winavr-20080610/bin/../lib/gcc/avr/4.3.0/../../../../avr/lib/avr5\libc.a(mulsf3.o) (__mulsf3x)
c:/winavr-20080610/bin/../lib/gcc/avr/4.3.0/../../../../avr/lib/avr5\libc.a(vfprintf_std.o)
                              c:/winavr-20080610/bin/../lib/gcc/avr/4.3.0/../../../../avr/lib/avr5\libc.a(fprintf.o) (vfprintf)
c:/winavr-20080610/bin/../lib/gcc/avr/4.3.0/../../../../avr/lib/avr5\libc.a(strnlen_P.o)
                              c:/winavr-20080610/bin/../lib/gcc/avr/4.3.0/../../../../avr/lib/avr5\libc.a(vfprintf_std.o) (strnlen_P)
c:/winavr-20080610/bin/../lib/gcc/avr/4.3.0/../../../../avr/lib/avr5\libc.a(strnlen.o)
                              c:/winavr-20080610/bin/../lib/gcc/avr/4.3.0/../../../../avr/lib/avr5\libc.a(vfprintf_std.o) (strnlen)
c:/winavr-20080610/bin/../lib/gcc/avr/4.3.0/../../../../avr/lib/avr5\libc.a(fputc.o)
                              c:/winavr-20080610/bin/../lib/gcc/avr/4.3.0/../../../../avr/lib/avr5\libc.a(vfprintf_std.o) (fputc)
c:/winavr-20080610/bin/../lib/gcc/avr/4.3.0/../../../../avr/lib/avr5\libc.a(ultoa_invert.o)
                              c:/winavr-20080610/bin/../lib/gcc/avr/4.3.0/../../../../avr/lib/avr5\libc.a(vfprintf_std.o) (__ultoa_invert)
c:/winavr-20080610/bin/../lib/gcc/avr/4.3.0/../../../../avr/lib/avr5\libc.a(fp_cmp.o)
                              c:/winavr-20080610/bin/../lib/gcc/avr/4.3.0/../../../../avr/lib/avr5\libc.a(gesf2.o) (__fp_cmp)
c:/winavr-20080610/bin/../lib/gcc/avr/4.3.0/avr5\libgcc.a(_udivmodhi4.o)
                              ControlModule.o (__udivmodhi4)
c:/winavr-20080610/bin/../lib/gcc/avr/4.3.0/avr5\libgcc.a(_prologue.o)
                              c:/winavr-20080610/bin/../lib/gcc/avr/4.3.0/../../../../avr/lib/avr5\libc.a(fprintf.o) (__prologue_saves__)
c:/winavr-20080610/bin/../lib/gcc/avr/4.3.0/avr5\libgcc.a(_epilogue.o)
                              c:/winavr-20080610/bin/../lib/gcc/avr/4.3.0/../../../../avr/lib/avr5\libc.a(fprintf.o) (__epilogue_restores__)
c:/winavr-20080610/bin/../lib/gcc/avr/4.3.0/avr5\libgcc.a(_exit.o)
                              c:/winavr-20080610/bin/../lib/gcc/avr/4.3.0/../../../../avr/lib/avr5\libc.a(exit.o) (_exit)
c:/winavr-20080610/bin/../lib/gcc/avr/4.3.0/avr5\libgcc.a(_copy_data.o)
                              ControlModule.o (__do_copy_data)
c:/winavr-20080610/bin/../lib/gcc/avr/4.3.0/avr5\libgcc.a(_clear_bss.o)
                              ControlModule.o (__do_clear_bss)

Allocating common symbols
Common symbol       size              file

isRight             0x1               ControlModule.o
rDistance           0x2               ControlModule.o
park                0x6               ControlModule.o
enableMask          0x1               ControlModule.o
isLeft              0x1               ControlModule.o
fb                  0x6               ControlModule.o
distance            0x2               ControlModule.o
bridgeInput         0x1               ControlModule.o
distCounter         0x2               ControlModule.o
move                0x6               ControlModule.o
simulationCounter   0x2               ControlModule.o
timerCounter        0x2               ControlModule.o
isParkingLot        0x1               ControlModule.o
isForward           0x1               ControlModule.o
time1               0x2               ControlModule.o
delayCounter        0x2               ControlModule.o
isReverse           0x1               ControlModule.o
Din                 0x2               ControlModule.o
lr                  0x6               ControlModule.o
time0               0x2               ControlModule.o
dum                 0x1               ControlModule.o
parkingLotWidth     0x2               ControlModule.o
time3               0x2               ControlModule.o
fDistance           0x2               ControlModule.o
detect              0x6               ControlModule.o
sDistance           0x2               ControlModule.o
time2               0x2               ControlModule.o
__iob               0x6               c:/winavr-20080610/bin/../lib/gcc/avr/4.3.0/../../../../avr/lib/avr5\libc.a(iob.o)
startupCounter      0x2               ControlModule.o

Memory Configuration

Name             Origin             Length             Attributes
text             0x00000000         0x00020000         xr
data             0x00800060         0x0000ffa0         rw !x
eeprom           0x00810000         0x00010000         rw !x
fuse             0x00820000         0x00000400         rw !x
lock             0x00830000         0x00000400         rw !x
signature        0x00840000         0x00000400         rw !x
*default*        0x00000000         0xffffffff

Linker script and memory map

Address of section .data set to 0x800100
LOAD c:/winavr-20080610/bin/../lib/gcc/avr/4.3.0/../../../../avr/lib/avr5/crtm644.o
LOAD ControlModule.o
LOAD AlgorithmModule.o
LOAD uart.o
LOAD c:/winavr-20080610/bin/../lib/gcc/avr/4.3.0/../../../../avr/lib/avr5\libc.a
LOAD c:/winavr-20080610/bin/../lib/gcc/avr/4.3.0/../../../../avr/lib/avr5\libm.a
LOAD c:/winavr-20080610/bin/../lib/gcc/avr/4.3.0/../../../../avr/lib/avr5\libobjc.a
LOAD c:/winavr-20080610/bin/../lib/gcc/avr/4.3.0/avr5\libgcc.a
LOAD c:/winavr-20080610/bin/../lib/gcc/avr/4.3.0/../../../../avr/lib/avr5\libc.a
LOAD c:/winavr-20080610/bin/../lib/gcc/avr/4.3.0/avr5\libgcc.a

.hash
 *(.hash)

.dynsym
 *(.dynsym)

.dynstr
 *(.dynstr)

.gnu.version
 *(.gnu.version)

.gnu.version_d
 *(.gnu.version_d)

.gnu.version_r
 *(.gnu.version_r)

.rel.init
 *(.rel.init)

.rela.init
 *(.rela.init)

.rel.text
 *(.rel.text)
 *(.rel.text.*)
 *(.rel.gnu.linkonce.t*)

.rela.text
 *(.rela.text)
 *(.rela.text.*)
 *(.rela.gnu.linkonce.t*)

.rel.fini
 *(.rel.fini)

.rela.fini
 *(.rela.fini)

.rel.rodata
 *(.rel.rodata)
 *(.rel.rodata.*)
 *(.rel.gnu.linkonce.r*)

.rela.rodata
 *(.rela.rodata)
 *(.rela.rodata.*)
 *(.rela.gnu.linkonce.r*)

.rel.data
 *(.rel.data)
 *(.rel.data.*)
 *(.rel.gnu.linkonce.d*)

.rela.data
 *(.rela.data)
 *(.rela.data.*)
 *(.rela.gnu.linkonce.d*)

.rel.ctors
 *(.rel.ctors)

.rela.ctors
 *(.rela.ctors)

.rel.dtors
 *(.rel.dtors)

.rela.dtors
 *(.rela.dtors)

.rel.got
 *(.rel.got)

.rela.got
 *(.rela.got)

.rel.bss
 *(.rel.bss)

.rela.bss
 *(.rela.bss)

.rel.plt
 *(.rel.plt)

.rela.plt
 *(.rela.plt)

.text           0x00000000     0x1a04
 *(.vectors)
 .vectors       0x00000000       0x70 c:/winavr-20080610/bin/../lib/gcc/avr/4.3.0/../../../../avr/lib/avr5/crtm644.o
                0x00000000                __vectors
                0x00000000                __vector_default
 *(.vectors)
 *(.progmem.gcc*)
 *(.progmem*)
                0x00000070                . = ALIGN (0x2)
                0x00000070                __trampolines_start = .
 *(.trampolines)
 .trampolines   0x00000070        0x0 linker stubs
 *(.trampolines*)
                0x00000070                __trampolines_end = .
 *(.jumptables)
 *(.jumptables*)
 *(.lowtext)
 *(.lowtext*)
                0x00000070                __ctors_start = .
 *(.ctors)
                0x00000070                __ctors_end = .
                0x00000070                __dtors_start = .
 *(.dtors)
                0x00000070                __dtors_end = .
 SORT(*)(.ctors)
 SORT(*)(.dtors)
 *(.init0)
 .init0         0x00000070        0x0 c:/winavr-20080610/bin/../lib/gcc/avr/4.3.0/../../../../avr/lib/avr5/crtm644.o
                0x00000070                __init
 *(.init0)
 *(.init1)
 *(.init1)
 *(.init2)
 .init2         0x00000070        0xc c:/winavr-20080610/bin/../lib/gcc/avr/4.3.0/../../../../avr/lib/avr5/crtm644.o
 *(.init2)
 *(.init3)
 *(.init3)
 *(.init4)
 .init4         0x0000007c       0x16 c:/winavr-20080610/bin/../lib/gcc/avr/4.3.0/avr5\libgcc.a(_copy_data.o)
                0x0000007c                __do_copy_data
 .init4         0x00000092       0x10 c:/winavr-20080610/bin/../lib/gcc/avr/4.3.0/avr5\libgcc.a(_clear_bss.o)
                0x00000092                __do_clear_bss
 *(.init4)
 *(.init5)
 *(.init5)
 *(.init6)
 *(.init6)
 *(.init7)
 *(.init7)
 *(.init8)
 *(.init8)
 *(.init9)
 .init9         0x000000a2        0x8 c:/winavr-20080610/bin/../lib/gcc/avr/4.3.0/../../../../avr/lib/avr5/crtm644.o
 *(.init9)
 *(.text)
 .text          0x000000aa        0x4 c:/winavr-20080610/bin/../lib/gcc/avr/4.3.0/../../../../avr/lib/avr5/crtm644.o
                0x000000aa                __vector_22
                0x000000aa                __vector_1
                0x000000aa                __vector_24
                0x000000aa                __vector_12
                0x000000aa                __bad_interrupt
                0x000000aa                __vector_6
                0x000000aa                __vector_3
                0x000000aa                __vector_23
                0x000000aa                __vector_25
                0x000000aa                __vector_11
                0x000000aa                __vector_17
                0x000000aa                __vector_19
                0x000000aa                __vector_7
                0x000000aa                __vector_27
                0x000000aa                __vector_5
                0x000000aa                __vector_4
                0x000000aa                __vector_9
                0x000000aa                __vector_2
                0x000000aa                __vector_21
                0x000000aa                __vector_8
                0x000000aa                __vector_26
                0x000000aa                __vector_14
                0x000000aa                __vector_10
                0x000000aa                __vector_18
                0x000000aa                __vector_20
 .text          0x000000ae      0x718 ControlModule.o
                0x000005a0                reverse
                0x000005da                reverseRight
                0x000005b6                forwardLeft
                0x000005ce                reverseLeft
                0x00000588                turnRight
                0x00000180                getDistance
                0x000000ae                __vector_13
                0x00000594                forward
                0x000002d6                masterStateMachine
                0x0000056a                setMovement
                0x0000072e                main
                0x000000c6                __vector_15
                0x000005c2                forwardRight
                0x000005e6                initialize
                0x00000398                fbStateMachine
                0x000004a2                lrStateMachine
                0x000005ac                stop
                0x0000057c                turnLeft
                0x000000e4                __vector_16
 .text          0x000007c6      0x752 AlgorithmModule.o
                0x00000d28                testCar
                0x00000d3e                moveCar
                0x000009a2                findParkingParameters
                0x000007c6                detectParking
                0x00000a28                parkCar
 .text          0x00000f18      0x1da uart.o
                0x00000f5e                uart_getchar
                0x00000f18                uart_init
                0x00000f26                uart_putchar
 .text          0x000010f2        0x6 c:/winavr-20080610/bin/../lib/gcc/avr/4.3.0/../../../../avr/lib/avr5\libc.a(exit.o)
                0x000010f2                exit
 .text          0x000010f8       0x26 c:/winavr-20080610/bin/../lib/gcc/avr/4.3.0/../../../../avr/lib/avr5\libc.a(fprintf.o)
                0x000010f8                fprintf
 .text          0x0000111e       0x52 c:/winavr-20080610/bin/../lib/gcc/avr/4.3.0/../../../../avr/lib/avr5\libc.a(fputs.o)
                0x0000111e                fputs
 .text          0x00001170        0x0 c:/winavr-20080610/bin/../lib/gcc/avr/4.3.0/../../../../avr/lib/avr5\libc.a(iob.o)
 .text          0x00001170        0x0 c:/winavr-20080610/bin/../lib/gcc/avr/4.3.0/../../../../avr/lib/avr5\libc.a(addsf3.o)
 .text          0x00001170        0x0 c:/winavr-20080610/bin/../lib/gcc/avr/4.3.0/../../../../avr/lib/avr5\libc.a(addsf3x.o)
 .text          0x00001170        0x0 c:/winavr-20080610/bin/../lib/gcc/avr/4.3.0/../../../../avr/lib/avr5\libc.a(floatsisf.o)
 .text          0x00001170        0x0 c:/winavr-20080610/bin/../lib/gcc/avr/4.3.0/../../../../avr/lib/avr5\libc.a(fp_inf.o)
 .text          0x00001170        0x0 c:/winavr-20080610/bin/../lib/gcc/avr/4.3.0/../../../../avr/lib/avr5\libc.a(fp_nan.o)
 .text          0x00001170        0x0 c:/winavr-20080610/bin/../lib/gcc/avr/4.3.0/../../../../avr/lib/avr5\libc.a(fp_pscA.o)
 .text          0x00001170        0x0 c:/winavr-20080610/bin/../lib/gcc/avr/4.3.0/../../../../avr/lib/avr5\libc.a(fp_pscB.o)
 .text          0x00001170        0x0 c:/winavr-20080610/bin/../lib/gcc/avr/4.3.0/../../../../avr/lib/avr5\libc.a(fp_round.o)
 .text          0x00001170        0x0 c:/winavr-20080610/bin/../lib/gcc/avr/4.3.0/../../../../avr/lib/avr5\libc.a(fp_split3.o)
 .text          0x00001170        0x0 c:/winavr-20080610/bin/../lib/gcc/avr/4.3.0/../../../../avr/lib/avr5\libc.a(fp_zero.o)
 .text          0x00001170        0x0 c:/winavr-20080610/bin/../lib/gcc/avr/4.3.0/../../../../avr/lib/avr5\libc.a(gesf2.o)
 .text          0x00001170        0x0 c:/winavr-20080610/bin/../lib/gcc/avr/4.3.0/../../../../avr/lib/avr5\libc.a(mulsf3.o)
 .text          0x00001170        0x0 c:/winavr-20080610/bin/../lib/gcc/avr/4.3.0/../../../../avr/lib/avr5\libc.a(mulsf3x.o)
 .text          0x00001170      0x3be c:/winavr-20080610/bin/../lib/gcc/avr/4.3.0/../../../../avr/lib/avr5\libc.a(vfprintf_std.o)
                0x00001170                vfprintf
 .text          0x0000152e       0x16 c:/winavr-20080610/bin/../lib/gcc/avr/4.3.0/../../../../avr/lib/avr5\libc.a(strnlen_P.o)
                0x0000152e                strnlen_P
 .text          0x00001544       0x16 c:/winavr-20080610/bin/../lib/gcc/avr/4.3.0/../../../../avr/lib/avr5\libc.a(strnlen.o)
                0x00001544                strnlen
 .text          0x0000155a       0x58 c:/winavr-20080610/bin/../lib/gcc/avr/4.3.0/../../../../avr/lib/avr5\libc.a(fputc.o)
                0x0000155a                fputc
 .text          0x000015b2       0xbc c:/winavr-20080610/bin/../lib/gcc/avr/4.3.0/../../../../avr/lib/avr5\libc.a(ultoa_invert.o)
                0x000015b2                __ultoa_invert
 .text          0x0000166e        0x0 c:/winavr-20080610/bin/../lib/gcc/avr/4.3.0/../../../../avr/lib/avr5\libc.a(fp_cmp.o)
 .text          0x0000166e        0x0 c:/winavr-20080610/bin/../lib/gcc/avr/4.3.0/avr5\libgcc.a(_udivmodhi4.o)
 .text          0x0000166e        0x0 c:/winavr-20080610/bin/../lib/gcc/avr/4.3.0/avr5\libgcc.a(_prologue.o)
 .text          0x0000166e        0x0 c:/winavr-20080610/bin/../lib/gcc/avr/4.3.0/avr5\libgcc.a(_epilogue.o)
 .text          0x0000166e        0x0 c:/winavr-20080610/bin/../lib/gcc/avr/4.3.0/avr5\libgcc.a(_exit.o)
 .text          0x0000166e        0x0 c:/winavr-20080610/bin/../lib/gcc/avr/4.3.0/avr5\libgcc.a(_copy_data.o)
 .text          0x0000166e        0x0 c:/winavr-20080610/bin/../lib/gcc/avr/4.3.0/avr5\libgcc.a(_clear_bss.o)
                0x0000166e                . = ALIGN (0x2)
 *(.text.*)
 .text.fplib    0x0000166e        0xa c:/winavr-20080610/bin/../lib/gcc/avr/4.3.0/../../../../avr/lib/avr5\libc.a(addsf3.o)
                0x0000166e                __subsf3
                0x00001670                __addsf3
 .text.fplib    0x00001678       0xc0 c:/winavr-20080610/bin/../lib/gcc/avr/4.3.0/../../../../avr/lib/avr5\libc.a(addsf3x.o)
                0x00001692                __addsf3x
 .text.fplib    0x00001738       0x7a c:/winavr-20080610/bin/../lib/gcc/avr/4.3.0/../../../../avr/lib/avr5\libc.a(floatsisf.o)
                0x0000173c                __floatsisf
                0x00001738                __floatunsisf
 .text.fplib    0x000017b2        0xc c:/winavr-20080610/bin/../lib/gcc/avr/4.3.0/../../../../avr/lib/avr5\libc.a(fp_inf.o)
                0x000017b2                __fp_inf
 .text.fplib    0x000017be        0x6 c:/winavr-20080610/bin/../lib/gcc/avr/4.3.0/../../../../avr/lib/avr5\libc.a(fp_nan.o)
                0x000017be                __fp_nan
 .text.fplib    0x000017c4        0xe c:/winavr-20080610/bin/../lib/gcc/avr/4.3.0/../../../../avr/lib/avr5\libc.a(fp_pscA.o)
                0x000017c4                __fp_pscA
 .text.fplib    0x000017d2        0xe c:/winavr-20080610/bin/../lib/gcc/avr/4.3.0/../../../../avr/lib/avr5\libc.a(fp_pscB.o)
                0x000017d2                __fp_pscB
 .text.fplib    0x000017e0       0x22 c:/winavr-20080610/bin/../lib/gcc/avr/4.3.0/../../../../avr/lib/avr5\libc.a(fp_round.o)
                0x000017e0                __fp_round
 .text.fplib    0x00001802       0x44 c:/winavr-20080610/bin/../lib/gcc/avr/4.3.0/../../../../avr/lib/avr5\libc.a(fp_split3.o)
                0x00001802                __fp_split3
                0x00001812                __fp_splitA
 .text.fplib    0x00001846        0xe c:/winavr-20080610/bin/../lib/gcc/avr/4.3.0/../../../../avr/lib/avr5\libc.a(fp_zero.o)
                0x00001846                __fp_zero
                0x00001848                __fp_szero
 .text.fplib    0x00001854        0x8 c:/winavr-20080610/bin/../lib/gcc/avr/4.3.0/../../../../avr/lib/avr5\libc.a(gesf2.o)
                0x00001854                __gtsf2
                0x00001854                __gesf2
 .text.fplib    0x0000185c        0x4 c:/winavr-20080610/bin/../lib/gcc/avr/4.3.0/../../../../avr/lib/avr5\libc.a(mulsf3.o)
                0x0000185c                __mulsf3
 .text.fplib    0x00001860       0xc2 c:/winavr-20080610/bin/../lib/gcc/avr/4.3.0/../../../../avr/lib/avr5\libc.a(mulsf3x.o)
                0x00001878                __mulsf3_pse
                0x00001874                __mulsf3x
 .text.fplib    0x00001922       0x48 c:/winavr-20080610/bin/../lib/gcc/avr/4.3.0/../../../../avr/lib/avr5\libc.a(fp_cmp.o)
                0x00001922                __fp_cmp
 .text.libgcc   0x0000196a       0x28 c:/winavr-20080610/bin/../lib/gcc/avr/4.3.0/avr5\libgcc.a(_udivmodhi4.o)
                0x0000196a                __udivmodhi4
 .text.libgcc   0x00001992       0x38 c:/winavr-20080610/bin/../lib/gcc/avr/4.3.0/avr5\libgcc.a(_prologue.o)
                0x00001992                __prologue_saves__
 .text.libgcc   0x000019ca       0x36 c:/winavr-20080610/bin/../lib/gcc/avr/4.3.0/avr5\libgcc.a(_epilogue.o)
                0x000019ca                __epilogue_restores__
 .text.libgcc   0x00001a00        0x0 c:/winavr-20080610/bin/../lib/gcc/avr/4.3.0/avr5\libgcc.a(_exit.o)
 .text.libgcc   0x00001a00        0x0 c:/winavr-20080610/bin/../lib/gcc/avr/4.3.0/avr5\libgcc.a(_copy_data.o)
 .text.libgcc   0x00001a00        0x0 c:/winavr-20080610/bin/../lib/gcc/avr/4.3.0/avr5\libgcc.a(_clear_bss.o)
                0x00001a00                . = ALIGN (0x2)
 *(.fini9)
 .fini9         0x00001a00        0x0 c:/winavr-20080610/bin/../lib/gcc/avr/4.3.0/avr5\libgcc.a(_exit.o)
                0x00001a00                _exit
 *(.fini9)
 *(.fini8)
 *(.fini8)
 *(.fini7)
 *(.fini7)
 *(.fini6)
 *(.fini6)
 *(.fini5)
 *(.fini5)
 *(.fini4)
 *(.fini4)
 *(.fini3)
 *(.fini3)
 *(.fini2)
 *(.fini2)
 *(.fini1)
 *(.fini1)
 *(.fini0)
 .fini0         0x00001a00        0x4 c:/winavr-20080610/bin/../lib/gcc/avr/4.3.0/avr5\libgcc.a(_exit.o)
 *(.fini0)
                0x00001a04                _etext = .

.data           0x00800100       0x5e load address 0x00001a04
                0x00800100                PROVIDE (__data_start, .)
 *(.data)
 .data          0x00800100        0x0 c:/winavr-20080610/bin/../lib/gcc/avr/4.3.0/../../../../avr/lib/avr5/crtm644.o
 .data          0x00800100       0x44 ControlModule.o
                0x0080010e                uart_str
                0x0080011c                distanceSimulation
 .data          0x00800144       0x11 AlgorithmModule.o
 .data          0x00800155        0x8 uart.o
 .data          0x0080015d        0x0 c:/winavr-20080610/bin/../lib/gcc/avr/4.3.0/../../../../avr/lib/avr5\libc.a(exit.o)
 .data          0x0080015d        0x0 c:/winavr-20080610/bin/../lib/gcc/avr/4.3.0/../../../../avr/lib/avr5\libc.a(fprintf.o)
 .data          0x0080015d        0x0 c:/winavr-20080610/bin/../lib/gcc/avr/4.3.0/../../../../avr/lib/avr5\libc.a(fputs.o)
 .data          0x0080015d        0x0 c:/winavr-20080610/bin/../lib/gcc/avr/4.3.0/../../../../avr/lib/avr5\libc.a(iob.o)
 .data          0x0080015d        0x0 c:/winavr-20080610/bin/../lib/gcc/avr/4.3.0/../../../../avr/lib/avr5\libc.a(addsf3.o)
 .data          0x0080015d        0x0 c:/winavr-20080610/bin/../lib/gcc/avr/4.3.0/../../../../avr/lib/avr5\libc.a(addsf3x.o)
 .data          0x0080015d        0x0 c:/winavr-20080610/bin/../lib/gcc/avr/4.3.0/../../../../avr/lib/avr5\libc.a(floatsisf.o)
 .data          0x0080015d        0x0 c:/winavr-20080610/bin/../lib/gcc/avr/4.3.0/../../../../avr/lib/avr5\libc.a(fp_inf.o)
 .data          0x0080015d        0x0 c:/winavr-20080610/bin/../lib/gcc/avr/4.3.0/../../../../avr/lib/avr5\libc.a(fp_nan.o)
 .data          0x0080015d        0x0 c:/winavr-20080610/bin/../lib/gcc/avr/4.3.0/../../../../avr/lib/avr5\libc.a(fp_pscA.o)
 .data          0x0080015d        0x0 c:/winavr-20080610/bin/../lib/gcc/avr/4.3.0/../../../../avr/lib/avr5\libc.a(fp_pscB.o)
 .data          0x0080015d        0x0 c:/winavr-20080610/bin/../lib/gcc/avr/4.3.0/../../../../avr/lib/avr5\libc.a(fp_round.o)
 .data          0x0080015d        0x0 c:/winavr-20080610/bin/../lib/gcc/avr/4.3.0/../../../../avr/lib/avr5\libc.a(fp_split3.o)
 .data          0x0080015d        0x0 c:/winavr-20080610/bin/../lib/gcc/avr/4.3.0/../../../../avr/lib/avr5\libc.a(fp_zero.o)
 .data          0x0080015d        0x0 c:/winavr-20080610/bin/../lib/gcc/avr/4.3.0/../../../../avr/lib/avr5\libc.a(gesf2.o)
 .data          0x0080015d        0x0 c:/winavr-20080610/bin/../lib/gcc/avr/4.3.0/../../../../avr/lib/avr5\libc.a(mulsf3.o)
 .data          0x0080015d        0x0 c:/winavr-20080610/bin/../lib/gcc/avr/4.3.0/../../../../avr/lib/avr5\libc.a(mulsf3x.o)
 .data          0x0080015d        0x0 c:/winavr-20080610/bin/../lib/gcc/avr/4.3.0/../../../../avr/lib/avr5\libc.a(vfprintf_std.o)
 .data          0x0080015d        0x0 c:/winavr-20080610/bin/../lib/gcc/avr/4.3.0/../../../../avr/lib/avr5\libc.a(strnlen_P.o)
 .data          0x0080015d        0x0 c:/winavr-20080610/bin/../lib/gcc/avr/4.3.0/../../../../avr/lib/avr5\libc.a(strnlen.o)
 .data          0x0080015d        0x0 c:/winavr-20080610/bin/../lib/gcc/avr/4.3.0/../../../../avr/lib/avr5\libc.a(fputc.o)
 .data          0x0080015d        0x0 c:/winavr-20080610/bin/../lib/gcc/avr/4.3.0/../../../../avr/lib/avr5\libc.a(ultoa_invert.o)
 .data          0x0080015d        0x0 c:/winavr-20080610/bin/../lib/gcc/avr/4.3.0/../../../../avr/lib/avr5\libc.a(fp_cmp.o)
 .data          0x0080015d        0x0 c:/winavr-20080610/bin/../lib/gcc/avr/4.3.0/avr5\libgcc.a(_udivmodhi4.o)
 .data          0x0080015d        0x0 c:/winavr-20080610/bin/../lib/gcc/avr/4.3.0/avr5\libgcc.a(_prologue.o)
 .data          0x0080015d        0x0 c:/winavr-20080610/bin/../lib/gcc/avr/4.3.0/avr5\libgcc.a(_epilogue.o)
 .data          0x0080015d        0x0 c:/winavr-20080610/bin/../lib/gcc/avr/4.3.0/avr5\libgcc.a(_exit.o)
 .data          0x0080015d        0x0 c:/winavr-20080610/bin/../lib/gcc/avr/4.3.0/avr5\libgcc.a(_copy_data.o)
 .data          0x0080015d        0x0 c:/winavr-20080610/bin/../lib/gcc/avr/4.3.0/avr5\libgcc.a(_clear_bss.o)
 *(.data*)
 *(.rodata)
 *(.rodata*)
 *(.gnu.linkonce.d*)
                0x0080015e                . = ALIGN (0x2)
 *fill*         0x0080015d        0x1 00
                0x0080015e                _edata = .
                0x0080015e                PROVIDE (__data_end, .)

.bss            0x0080015e       0xb4 load address 0x00001a62
                0x0080015e                PROVIDE (__bss_start, .)
 *(.bss)
 .bss           0x0080015e        0x0 c:/winavr-20080610/bin/../lib/gcc/avr/4.3.0/../../../../avr/lib/avr5/crtm644.o
 .bss           0x0080015e        0x0 ControlModule.o
 .bss           0x0080015e       0x18 AlgorithmModule.o
                0x00800162                additionFactor
                0x00800168                rstartWidth
                0x0080016a                rendWidth
                0x0080016c                angularLotWidth1
                0x00800161                isParked
                0x00800164                startWidth
                0x00800166                endWidth
                0x00800172                angularLotWidth
                0x00800160                counter
                0x0080016e                rsDist
                0x0080015f                isEntered
                0x00800170                rrsDist
                0x0080015e                isLot
 .bss           0x00800176       0x52 uart.o
 .bss           0x008001c8        0x0 c:/winavr-20080610/bin/../lib/gcc/avr/4.3.0/../../../../avr/lib/avr5\libc.a(exit.o)
 .bss           0x008001c8        0x0 c:/winavr-20080610/bin/../lib/gcc/avr/4.3.0/../../../../avr/lib/avr5\libc.a(fprintf.o)
 .bss           0x008001c8        0x0 c:/winavr-20080610/bin/../lib/gcc/avr/4.3.0/../../../../avr/lib/avr5\libc.a(fputs.o)
 .bss           0x008001c8        0x0 c:/winavr-20080610/bin/../lib/gcc/avr/4.3.0/../../../../avr/lib/avr5\libc.a(iob.o)
 .bss           0x008001c8        0x0 c:/winavr-20080610/bin/../lib/gcc/avr/4.3.0/../../../../avr/lib/avr5\libc.a(addsf3.o)
 .bss           0x008001c8        0x0 c:/winavr-20080610/bin/../lib/gcc/avr/4.3.0/../../../../avr/lib/avr5\libc.a(addsf3x.o)
 .bss           0x008001c8        0x0 c:/winavr-20080610/bin/../lib/gcc/avr/4.3.0/../../../../avr/lib/avr5\libc.a(floatsisf.o)
 .bss           0x008001c8        0x0 c:/winavr-20080610/bin/../lib/gcc/avr/4.3.0/../../../../avr/lib/avr5\libc.a(fp_inf.o)
 .bss           0x008001c8        0x0 c:/winavr-20080610/bin/../lib/gcc/avr/4.3.0/../../../../avr/lib/avr5\libc.a(fp_nan.o)
 .bss           0x008001c8        0x0 c:/winavr-20080610/bin/../lib/gcc/avr/4.3.0/../../../../avr/lib/avr5\libc.a(fp_pscA.o)
 .bss           0x008001c8        0x0 c:/winavr-20080610/bin/../lib/gcc/avr/4.3.0/../../../../avr/lib/avr5\libc.a(fp_pscB.o)
 .bss           0x008001c8        0x0 c:/winavr-20080610/bin/../lib/gcc/avr/4.3.0/../../../../avr/lib/avr5\libc.a(fp_round.o)
 .bss           0x008001c8        0x0 c:/winavr-20080610/bin/../lib/gcc/avr/4.3.0/../../../../avr/lib/avr5\libc.a(fp_split3.o)
 .bss           0x008001c8        0x0 c:/winavr-20080610/bin/../lib/gcc/avr/4.3.0/../../../../avr/lib/avr5\libc.a(fp_zero.o)
 .bss           0x008001c8        0x0 c:/winavr-20080610/bin/../lib/gcc/avr/4.3.0/../../../../avr/lib/avr5\libc.a(gesf2.o)
 .bss           0x008001c8        0x0 c:/winavr-20080610/bin/../lib/gcc/avr/4.3.0/../../../../avr/lib/avr5\libc.a(mulsf3.o)
 .bss           0x008001c8        0x0 c:/winavr-20080610/bin/../lib/gcc/avr/4.3.0/../../../../avr/lib/avr5\libc.a(mulsf3x.o)
 .bss           0x008001c8        0x0 c:/winavr-20080610/bin/../lib/gcc/avr/4.3.0/../../../../avr/lib/avr5\libc.a(vfprintf_std.o)
 .bss           0x008001c8        0x0 c:/winavr-20080610/bin/../lib/gcc/avr/4.3.0/../../../../avr/lib/avr5\libc.a(strnlen_P.o)
 .bss           0x008001c8        0x0 c:/winavr-20080610/bin/../lib/gcc/avr/4.3.0/../../../../avr/lib/avr5\libc.a(strnlen.o)
 .bss           0x008001c8        0x0 c:/winavr-20080610/bin/../lib/gcc/avr/4.3.0/../../../../avr/lib/avr5\libc.a(fputc.o)
 .bss           0x008001c8        0x0 c:/winavr-20080610/bin/../lib/gcc/avr/4.3.0/../../../../avr/lib/avr5\libc.a(ultoa_invert.o)
 .bss           0x008001c8        0x0 c:/winavr-20080610/bin/../lib/gcc/avr/4.3.0/../../../../avr/lib/avr5\libc.a(fp_cmp.o)
 .bss           0x008001c8        0x0 c:/winavr-20080610/bin/../lib/gcc/avr/4.3.0/avr5\libgcc.a(_udivmodhi4.o)
 .bss           0x008001c8        0x0 c:/winavr-20080610/bin/../lib/gcc/avr/4.3.0/avr5\libgcc.a(_prologue.o)
 .bss           0x008001c8        0x0 c:/winavr-20080610/bin/../lib/gcc/avr/4.3.0/avr5\libgcc.a(_epilogue.o)
 .bss           0x008001c8        0x0 c:/winavr-20080610/bin/../lib/gcc/avr/4.3.0/avr5\libgcc.a(_exit.o)
 .bss           0x008001c8        0x0 c:/winavr-20080610/bin/../lib/gcc/avr/4.3.0/avr5\libgcc.a(_copy_data.o)
 .bss           0x008001c8        0x0 c:/winavr-20080610/bin/../lib/gcc/avr/4.3.0/avr5\libgcc.a(_clear_bss.o)
 *(.bss*)
 *(COMMON)
 COMMON         0x008001c8       0x44 ControlModule.o
                0x008001c8                isRight
                0x008001c9                rDistance
                0x008001cb                park
                0x008001d1                enableMask
                0x008001d2                isLeft
                0x008001d3                fb
                0x008001d9                distance
                0x008001db                bridgeInput
                0x008001dc                distCounter
                0x008001de                move
                0x008001e4                simulationCounter
                0x008001e6                timerCounter
                0x008001e8                isParkingLot
                0x008001e9                isForward
                0x008001ea                time1
                0x008001ec                delayCounter
                0x008001ee                isReverse
                0x008001ef                Din
                0x008001f1                lr
                0x008001f7                time0
                0x008001f9                dum
                0x008001fa                parkingLotWidth
                0x008001fc                time3
                0x008001fe                fDistance
                0x00800200                detect
                0x00800206                sDistance
                0x00800208                time2
                0x0080020a                startupCounter
 COMMON         0x0080020c        0x6 c:/winavr-20080610/bin/../lib/gcc/avr/4.3.0/../../../../avr/lib/avr5\libc.a(iob.o)
                0x0080020c                __iob
                0x00800212                PROVIDE (__bss_end, .)
                0x00001a04                __data_load_start = LOADADDR (.data)
                0x00001a62                __data_load_end = (__data_load_start + SIZEOF (.data))

.noinit         0x00800212        0x0
                0x00800212                PROVIDE (__noinit_start, .)
 *(.noinit*)
                0x00800212                PROVIDE (__noinit_end, .)
                0x00800212                _end = .
                0x00800212                PROVIDE (__heap_start, .)

.eeprom         0x00810000        0x0
 *(.eeprom*)
                0x00810000                __eeprom_end = .

.fuse
 *(.fuse)
 *(.lfuse)
 *(.hfuse)
 *(.efuse)

.lock
 *(.lock*)

.signature
 *(.signature*)

.stab
 *(.stab)

.stabstr
 *(.stabstr)

.stab.excl
 *(.stab.excl)

.stab.exclstr
 *(.stab.exclstr)

.stab.index
 *(.stab.index)

.stab.indexstr
 *(.stab.indexstr)

.comment
 *(.comment)

.debug
 *(.debug)

.line
 *(.line)

.debug_srcinfo
 *(.debug_srcinfo)

.debug_sfnames
 *(.debug_sfnames)

.debug_aranges  0x00000000       0x60
 *(.debug_aranges)
 .debug_aranges
                0x00000000       0x20 ControlModule.o
 .debug_aranges
                0x00000020       0x20 AlgorithmModule.o
 .debug_aranges
                0x00000040       0x20 uart.o

.debug_pubnames
                0x00000000      0x452
 *(.debug_pubnames)
 .debug_pubnames
                0x00000000      0x2c5 ControlModule.o
 .debug_pubnames
                0x000002c5      0x14b AlgorithmModule.o
 .debug_pubnames
                0x00000410       0x42 uart.o

.debug_info     0x00000000      0xc47
 *(.debug_info)
 .debug_info    0x00000000      0x683 ControlModule.o
 .debug_info    0x00000683      0x3a4 AlgorithmModule.o
 .debug_info    0x00000a27      0x220 uart.o
 *(.gnu.linkonce.wi.*)

.debug_abbrev   0x00000000      0x42d
 *(.debug_abbrev)
 .debug_abbrev  0x00000000      0x19f ControlModule.o
 .debug_abbrev  0x0000019f      0x14f AlgorithmModule.o
 .debug_abbrev  0x000002ee      0x13f uart.o

.debug_line     0x00000000      0xe24
 *(.debug_line)
 .debug_line    0x00000000      0x784 ControlModule.o
 .debug_line    0x00000784      0x46e AlgorithmModule.o
 .debug_line    0x00000bf2      0x232 uart.o

.debug_frame    0x00000000      0x1e0
 *(.debug_frame)
 .debug_frame   0x00000000      0x140 ControlModule.o
 .debug_frame   0x00000140       0x60 AlgorithmModule.o
 .debug_frame   0x000001a0       0x40 uart.o

.debug_str      0x00000000      0x3c9
 *(.debug_str)
 .debug_str     0x00000000      0x2ce ControlModule.o
                                0x307 (size before relaxing)
 .debug_str     0x000002ce       0xc6 AlgorithmModule.o
                                0x243 (size before relaxing)
 .debug_str     0x00000394       0x35 uart.o
                                0x106 (size before relaxing)

.debug_loc      0x00000000      0x1af
 *(.debug_loc)
 .debug_loc     0x00000000      0x1af uart.o

.debug_macinfo
 *(.debug_macinfo)
OUTPUT(FinalProject.elf elf32-avr)
LOAD linker stubs
